
> easy_auto_backend@1.0.0 dev
> node src/server.js

CLERK_PUBLISHABLE_KEY exists: true
Initializing Notification Jobs...
- Expiry Check scheduled for 08:00
- Ad Limit Check scheduled for 10:00
- Ad Expiry Check scheduled for 00:00 daily
node:events:485
      throw er; // Unhandled 'error' event
      ^

Error: listen EADDRINUSE: address already in use 0.0.0.0:5000
    at Server.setupListenHandle [as _listen2] (node:net:1937:16)
    at listenInCluster (node:net:1994:12)
    at node:net:2203:7
    at process.processTicksAndRejections (node:internal/process/task_queues:90:21)
Emitted 'error' event on Server instance at:
    at emitErrorNT (node:net:1973:8)
    at process.processTicksAndRejections (node:internal/process/task_queues:90:21) {
  code: 'EADDRINUSE',
  errno: -4091,
  syscall: 'listen',
  address: '0.0.0.0',
  port: 5000
}

Node.js v23.7.0
